# Visual Golden File
# Name: dashboard_80x24
# Dimensions: 80x24
# Hash: b230c4779bd5431702336f51ffcd03329ebdefc247bd9539be4cee81b5a54331

  ╭────────────────────────────────────────────────────────────────────────╮    
  │                                                                        │    
  │                            Display Settings                            │    
  │                                                                        │    
  ╰────────────────────────────────────────────────────────────────────────╯    
                                                                                
  ╭────────────────────────────╮  ╭────────────────────────────────────────╮    
  │                            │  │                                        │    
  │                            │  │                                        │    
  │  Navigation                │  │  Display Overview                      │    
  │                            │  │                                        │    
  │  ▶ Dashboard               │  │  ○ HDMI-A-1 👆 CURRENT                 │    
  │                            │  │    Dell U2414H                         │    
  │    Monitor Selection       │  │    1920x1080 @ 60Hz                    │    
  │                            │  │    Scale: 1.0x                         │    
  │    Smart Scaling           │  │    → Scaling changes will apply here   │    
  │                            │  │                                        │    
  │    Manual Scaling          │  │  ◦ DP-1                                │    
  │                            │  │    Samsung C27F390                     │    
  │    Settings                │  │    1920x1080 @ 75Hz                    │    
  │                            │  │    Scale: 1.2x                         │    
  │    Help                    │  │                                        │    
  │                            │  │                                        │    
  │    Exit                    │  │                                        │    
  │                            │  ╰────────────────────────────────────────╯    
  │                            │                                                
  │                            │                                                
  ╰────────────────────────────╯                                                
                                                                                
  ╭────────────────────────────────────────────────────────────────────────╮    
  │                                                                        │    
  │       ↑↓  navigate    ⏎  select    h  help    esc  back    q  quit     │    
  │                                                                        │    
  ╰────────────────────────────────────────────────────────────────────────╯    