# Visual Golden File
# Name: dashboard_150x50
# Dimensions: 150x50
# Hash: 442fa3555f1af81c5a3b514720bd4638c97f67e473e4370521e2c9d892fb9110

  ╭──────────────────────────────────────────────────────────────────────────────────────────────────────────────────────────────────────────────╮    
  │                                                                                                                                              │    
  │                                                               Display Settings                                                               │    
  │                                                                                                                                              │    
  ╰──────────────────────────────────────────────────────────────────────────────────────────────────────────────────────────────────────────────╯    
                                                                                                                                                      
  ╭────────────────────────────────────────────────────────╮  ╭──────────────────────────────────────────────────────────────────────────────────╮    
  │                                                        │  │                                                                                  │    
  │                                                        │  │                                                                                  │    
  │  Navigation                                            │  │  Display Overview                                                                │    
  │                                                        │  │                                                                                  │    
  │  ▶ Dashboard                                           │  │  ○ HDMI-A-1 👆 CURRENT                                                           │    
  │                                                        │  │    Dell U2414H                                                                   │    
  │    Monitor Selection                                   │  │    1920x1080 @ 60Hz                                                              │    
  │                                                        │  │    Scale: 1.0x                                                                   │    
  │    Smart Scaling                                       │  │    → Scaling changes will apply here                                             │    
  │                                                        │  │                                                                                  │    
  │    Manual Scaling                                      │  │  ◦ DP-1                                                                          │    
  │                                                        │  │    Samsung C27F390                                                               │    
  │    Settings                                            │  │    1920x1080 @ 75Hz                                                              │    
  │                                                        │  │    Scale: 1.2x                                                                   │    
  │    Help                                                │  │                                                                                  │    
  │                                                        │  │                                                                                  │    
  │    Exit                                                │  │                                                                                  │    
  │                                                        │  │                                                                                  │    
  │                                                        │  │                                                                                  │    
  │                                                        │  │                                                                                  │    
  │                                                        │  │                                                                                  │    
  │                                                        │  │                                                                                  │    
  │                                                        │  │                                                                                  │    
  │                                                        │  │                                                                                  │    
  │                                                        │  │                                                                                  │    
  │                                                        │  │                                                                                  │    
  │                                                        │  │                                                                                  │    
  │                                                        │  │                                                                                  │    
  │                                                        │  │                                                                                  │    
  │                                                        │  │                                                                                  │    
  │                                                        │  │                                                                                  │    
  │                                                        │  │                                                                                  │    
  │                                                        │  │                                                                                  │    
  │                                                        │  │                                                                                  │    
  │                                                        │  │                                                                                  │    
  │                                                        │  │                                                                                  │    
  │                                                        │  │                                                                                  │    
  ╰────────────────────────────────────────────────────────╯  ╰──────────────────────────────────────────────────────────────────────────────────╯    
                                                                                                                                                      
  ╭──────────────────────────────────────────────────────────────────────────────────────────────────────────────────────────────────────────────╮    
  │                                                                                                                                              │    
  │                                          ↑↓  navigate    ⏎  select    h  help    esc  back    q  quit                                        │    
  │                                                                                                                                              │    
  ╰──────────────────────────────────────────────────────────────────────────────────────────────────────────────────────────────────────────────╯    