# Visual Golden File
# Name: dashboard_100x30
# Dimensions: 100x30
# Hash: e4dbee44754b1c054d3a033d3fa516f27ba29376d82a0b2c42420637929b40b4

  ╭────────────────────────────────────────────────────────────────────────────────────────────╮    
  │                                                                                            │    
  │                                      Display Settings                                      │    
  │                                                                                            │    
  ╰────────────────────────────────────────────────────────────────────────────────────────────╯    
                                                                                                    
  ╭────────────────────────────────────╮  ╭────────────────────────────────────────────────────╮    
  │                                    │  │                                                    │    
  │                                    │  │                                                    │    
  │  Navigation                        │  │  Display Overview                                  │    
  │                                    │  │                                                    │    
  │  ▶ Dashboard                       │  │  ○ HDMI-A-1 👆 CURRENT                             │    
  │                                    │  │    Dell U2414H                                     │    
  │    Monitor Selection               │  │    1920x1080 @ 60Hz                                │    
  │                                    │  │    Scale: 1.0x                                     │    
  │    Smart Scaling                   │  │    → Scaling changes will apply here               │    
  │                                    │  │                                                    │    
  │    Manual Scaling                  │  │  ◦ DP-1                                            │    
  │                                    │  │    Samsung C27F390                                 │    
  │    Settings                        │  │    1920x1080 @ 75Hz                                │    
  │                                    │  │    Scale: 1.2x                                     │    
  │    Help                            │  │                                                    │    
  │                                    │  │                                                    │    
  │    Exit                            │  │                                                    │    
  │                                    │  ╰────────────────────────────────────────────────────╯    
  │                                    │                                                            
  │                                    │                                                            
  ╰────────────────────────────────────╯                                                            
                                                                                                    
  ╭────────────────────────────────────────────────────────────────────────────────────────────╮    
  │                                                                                            │    
  │                 ↑↓  navigate    ⏎  select    h  help    esc  back    q  quit               │    
  │                                                                                            │    
  ╰────────────────────────────────────────────────────────────────────────────────────────────╯    