# Visual Golden File
# Name: help_100x30
# Dimensions: 100x30
# Hash: 1a33c45731a156007927a02d76c91685c8f9a3e5dd657638ccabf195b0f34c7d

  ╭────────────────────────────────────────────────────────────────────────────────────────────╮    
  │                                                                                            │    
  │                                      Display Settings                                      │    
  │                                                                                            │    
  ╰────────────────────────────────────────────────────────────────────────────────────────────╯    
                                                                                                    
  ╭────────────────────────────────────────────────────────────────────────────────────────────╮    
  │                                                                                            │    
  │                                                                                            │    
  │  📖 Help & Controls                                                                        │    
  │                                                                                            │    
  │  🎮 Navigation                                                                             │    
  │                                                                                            │    
  │    ↑↓ k j   Navigate up/down in menus                                                      │    
  │    ←→ h l   Navigate left/right (manual scaling)                                           │    
  │    ⏎       Select option or apply changes                                                  │    
  │    Space       Alternative selection                                                       │    
  │                                                                                            │    
  │  ⌨️ Global Commands                                                                        │    
  │                                                                                            │    
  │    h ?   Show this help screen                                                             │    
  │    Esc       Return to main menu                                                           │    
  │    q       Quit application                                                                │    
  │    Ctrl+C   Force quit                                                                     │    
  │                                                                                            │    
  │  🎯 Mode-Specific Controls                                                                 │    
  │                                                                                            │    
  │    m       Switch to manual scaling (from smart scaling)                                   │    
  │    ↑↓       Select control in manual scaling                                               │    
  │    ←→       Adjust values in manual scaling                                                │    
  │                                                                                            │    
  │  ℹ️ About                                                                                  │    
  │                                                                                            │    
  │    Version: 1.0.0                                                                          │    
  │    Theme: Tokyo Night                                                                      │    
  │    Target: Hyprland & Wayland                                                              │    
  │    Built with: Go + Bubbletea                                                              │    
  │                                                                                            │    
  │  💡 Press Esc to return to the main menu                                                   │    
  │                                                                                            │    
  │                                                                                            │    
  ╰────────────────────────────────────────────────────────────────────────────────────────────╯    
                                                                                                    
  ╭────────────────────────────────────────────────────────────────────────────────────────────╮    
  │                                                                                            │    
  │                 ↑↓  navigate    ⏎  select    h  help    esc  back    q  quit               │    
  │                                                                                            │    
  ╰────────────────────────────────────────────────────────────────────────────────────────────╯    