# Visual Golden File
# Name: help_200x60
# Dimensions: 200x60
# Hash: d27caa959900f094e09c7883d4272fbb108ea5615800e32677279caf7affde70

  ╭────────────────────────────────────────────────────────────────────────────────────────────────────────────────────────────────────────────────────────────────────────────────────────────────╮    
  │                                                                                                                                                                                                │    
  │                                                                                        Display Settings                                                                                        │    
  │                                                                                                                                                                                                │    
  ╰────────────────────────────────────────────────────────────────────────────────────────────────────────────────────────────────────────────────────────────────────────────────────────────────╯    
                                                                                                                                                                                                        
  ╭────────────────────────────────────────────────────────────────────────────────────────────────────────────────────────────────────────────────────────────────────────────────────────────────╮    
  │                                                                                                                                                                                                │    
  │                                                                                                                                                                                                │    
  │  📖 Help & Controls                                                                                                                                                                            │    
  │                                                                                                                                                                                                │    
  │  🎮 Navigation                                                                                                                                                                                 │    
  │                                                                                                                                                                                                │    
  │    ↑↓ k j   Navigate up/down in menus                                                                                                                                                          │    
  │    ←→ h l   Navigate left/right (manual scaling)                                                                                                                                               │    
  │    ⏎       Select option or apply changes                                                                                                                                                      │    
  │    Space       Alternative selection                                                                                                                                                           │    
  │                                                                                                                                                                                                │    
  │  ⌨️ Global Commands                                                                                                                                                                            │    
  │                                                                                                                                                                                                │    
  │    h ?   Show this help screen                                                                                                                                                                 │    
  │    Esc       Return to main menu                                                                                                                                                               │    
  │    q       Quit application                                                                                                                                                                    │    
  │    Ctrl+C   Force quit                                                                                                                                                                         │    
  │                                                                                                                                                                                                │    
  │  🎯 Mode-Specific Controls                                                                                                                                                                     │    
  │                                                                                                                                                                                                │    
  │    m       Switch to manual scaling (from smart scaling)                                                                                                                                       │    
  │    ↑↓       Select control in manual scaling                                                                                                                                                   │    
  │    ←→       Adjust values in manual scaling                                                                                                                                                    │    
  │                                                                                                                                                                                                │    
  │  ℹ️ About                                                                                                                                                                                      │    
  │                                                                                                                                                                                                │    
  │    Version: 1.0.0                                                                                                                                                                              │    
  │    Theme: Tokyo Night                                                                                                                                                                          │    
  │    Target: Hyprland & Wayland                                                                                                                                                                  │    
  │    Built with: Go + Bubbletea                                                                                                                                                                  │    
  │                                                                                                                                                                                                │    
  │  💡 Press Esc to return to the main menu                                                                                                                                                       │    
  │                                                                                                                                                                                                │    
  │                                                                                                                                                                                                │    
  │                                                                                                                                                                                                │    
  │                                                                                                                                                                                                │    
  │                                                                                                                                                                                                │    
  │                                                                                                                                                                                                │    
  │                                                                                                                                                                                                │    
  │                                                                                                                                                                                                │    
  │                                                                                                                                                                                                │    
  │                                                                                                                                                                                                │    
  │                                                                                                                                                                                                │    
  │                                                                                                                                                                                                │    
  │                                                                                                                                                                                                │    
  │                                                                                                                                                                                                │    
  │                                                                                                                                                                                                │    
  ╰────────────────────────────────────────────────────────────────────────────────────────────────────────────────────────────────────────────────────────────────────────────────────────────────╯    
                                                                                                                                                                                                        
  ╭────────────────────────────────────────────────────────────────────────────────────────────────────────────────────────────────────────────────────────────────────────────────────────────────╮    
  │                                                                                                                                                                                                │    
  │                                                                   ↑↓  navigate    ⏎  select    h  help    esc  back    q  quit                                                                 │    
  │                                                                                                                                                                                                │    
  ╰────────────────────────────────────────────────────────────────────────────────────────────────────────────────────────────────────────────────────────────────────────────────────────────────╯    