# Visual Golden File
# Name: help_120x40
# Dimensions: 120x40
# Hash: 14794de22369b446ec7bd2ad1521b1ff5bd84231c8a2c349a5ff0a97b9cdb0fb

  ╭────────────────────────────────────────────────────────────────────────────────────────────────────────────────╮    
  │                                                                                                                │    
  │                                                Display Settings                                                │    
  │                                                                                                                │    
  ╰────────────────────────────────────────────────────────────────────────────────────────────────────────────────╯    
                                                                                                                        
  ╭────────────────────────────────────────────────────────────────────────────────────────────────────────────────╮    
  │                                                                                                                │    
  │                                                                                                                │    
  │  📖 Help & Controls                                                                                            │    
  │                                                                                                                │    
  │  🎮 Navigation                                                                                                 │    
  │                                                                                                                │    
  │    ↑↓ k j   Navigate up/down in menus                                                                          │    
  │    ←→ h l   Navigate left/right (manual scaling)                                                               │    
  │    ⏎       Select option or apply changes                                                                      │    
  │    Space       Alternative selection                                                                           │    
  │                                                                                                                │    
  │  ⌨️ Global Commands                                                                                            │    
  │                                                                                                                │    
  │    h ?   Show this help screen                                                                                 │    
  │    Esc       Return to main menu                                                                               │    
  │    q       Quit application                                                                                    │    
  │    Ctrl+C   Force quit                                                                                         │    
  │                                                                                                                │    
  │  🎯 Mode-Specific Controls                                                                                     │    
  │                                                                                                                │    
  │    m       Switch to manual scaling (from smart scaling)                                                       │    
  │    ↑↓       Select control in manual scaling                                                                   │    
  │    ←→       Adjust values in manual scaling                                                                    │    
  │                                                                                                                │    
  │  ℹ️ About                                                                                                      │    
  │                                                                                                                │    
  │    Version: 1.0.0                                                                                              │    
  │    Theme: Tokyo Night                                                                                          │    
  │    Target: Hyprland & Wayland                                                                                  │    
  │    Built with: Go + Bubbletea                                                                                  │    
  │                                                                                                                │    
  │  💡 Press Esc to return to the main menu                                                                       │    
  │                                                                                                                │    
  │                                                                                                                │    
  ╰────────────────────────────────────────────────────────────────────────────────────────────────────────────────╯    
                                                                                                                        
  ╭────────────────────────────────────────────────────────────────────────────────────────────────────────────────╮    
  │                                                                                                                │    
  │                           ↑↓  navigate    ⏎  select    h  help    esc  back    q  quit                         │    
  │                                                                                                                │    
  ╰────────────────────────────────────────────────────────────────────────────────────────────────────────────────╯    