# Visual Golden File
# Name: manual_scaling_200x60
# Dimensions: 200x60
# Hash: 3743ef9d16fd677b0b081b266aea0164985b6dbc77c4f47f91041b4973fdf462

  ╭────────────────────────────────────────────────────────────────────────────────────────────────────────────────────────────────────────────────────────────────────────────────────────────────╮    
  │                                                                                                                                                                                                │    
  │                                                                                        Display Settings                                                                                        │    
  │                                                                                                                                                                                                │    
  ╰────────────────────────────────────────────────────────────────────────────────────────────────────────────────────────────────────────────────────────────────────────────────────────────────╯    
                                                                                                                                                                                                        
  ╭────────────────────────────────────────────────────────────────────────────────────────────────────────────────────────────────────────────────────────────────────────────────────────────────╮    
  │                                                                                                                                                                                                │    
  │                                                                                                                                                                                                │    
  │  🔧 Manual Scaling Controls                                                                                                                                                                    │    
  │                                                                                                                                                                                                │    
  │  ╭──────────────────────────────────────────────────────────╮                                                                                                                                  │    
  │  │                                                          │                                                                                                                                  │    
  │  │  HDMI-A-1 Dell U2414H - 1920x1080@60Hz (Current: 1.00x)  │                                                                                                                                  │    
  │  │                                                          │                                                                                                                                  │    
  │  ╰──────────────────────────────────────────────────────────╯                                                                                                                                  │    
  │                                                                                                                                                                                                │    
  │  ⚙️ Scaling Controls                                                                                                                                                                           │    
  │                                                                                                                                                                                                │    
  │   1. Monitor Scale (Compositor-level)                                                                                                                                                          │    
  │      Current: 1.000x (Valid: 1.0x, 1.25x, 1.33x, 1.5x, 1.67x, 1.75x, 2.0x, 2.25x, 2.5x, 3.0x)                                                                                                  │    
  │      Scales everything immediately. Works with all apps.                                                                                                                                       │    
  │                                                                                                                                                                                                │    
  │  2. GTK Scale (Application-level)                                                                                                                                                              │    
  │     Current: 1x (Range: 1x - 3x, Integer only)                                                                                                                                                 │    
  │     Scales GTK apps (most Linux apps). Requires logout.                                                                                                                                        │    
  │                                                                                                                                                                                                │    
  │  3. Font DPI (Text rendering)                                                                                                                                                                  │    
  │     Current: 96 (Range: 72 - 288, Step: 12)                                                                                                                                                    │    
  │     Fine-grained text scaling. Works with most applications.                                                                                                                                   │    
  │                                                                                                                                                                                                │    
  │  📊 Preview Results                                                                                                                                                                            │    
  │    Effective Resolution: 1920x1080                                                                                                                                                             │    
  │    Screen Real Estate: 100%                                                                                                                                                                    │    
  │    Font DPI Multiplier: 1.0x                                                                                                                                                                   │    
  │                                                                                                                                                                                                │    
  │  ↑↓ select control  ←→ adjust value  ⏎ apply all  esc back                                                                                                                                     │    
  │                                                                                                                                                                                                │    
  │                                                                                                                                                                                                │    
  │                                                                                                                                                                                                │    
  │                                                                                                                                                                                                │    
  │                                                                                                                                                                                                │    
  │                                                                                                                                                                                                │    
  │                                                                                                                                                                                                │    
  │                                                                                                                                                                                                │    
  │                                                                                                                                                                                                │    
  │                                                                                                                                                                                                │    
  │                                                                                                                                                                                                │    
  │                                                                                                                                                                                                │    
  │                                                                                                                                                                                                │    
  │                                                                                                                                                                                                │    
  │                                                                                                                                                                                                │    
  │                                                                                                                                                                                                │    
  │                                                                                                                                                                                                │    
  ╰────────────────────────────────────────────────────────────────────────────────────────────────────────────────────────────────────────────────────────────────────────────────────────────────╯    
                                                                                                                                                                                                        
  ╭────────────────────────────────────────────────────────────────────────────────────────────────────────────────────────────────────────────────────────────────────────────────────────────────╮    
  │                                                                                                                                                                                                │    
  │                                                                   ↑↓  navigate    ⏎  select    h  help    esc  back    q  quit                                                                 │    
  │                                                                                                                                                                                                │    
  ╰────────────────────────────────────────────────────────────────────────────────────────────────────────────────────────────────────────────────────────────────────────────────────────────────╯    