# Visual Golden File
# Name: monitor_selection_80x24
# Dimensions: 80x24
# Hash: e4bf072cec34bd474398879deeb48d91a9b750785f556ccf4c2b0ff7403244da

  ╭────────────────────────────────────────────────────────────────────────╮    
  │                                                                        │    
  │                            Display Settings                            │    
  │                                                                        │    
  ╰────────────────────────────────────────────────────────────────────────╯    
                                                                                
  ╭────────────────────────────────────────────────────────────────────────╮    
  │                                                                        │    
  │                                                                        │    
  │  Monitor Selection                                                     │    
  │  Choose a display to configure                                         │    
  │                                                                        │    
  │  ▶ HDMI-A-1  ACTIVE                                                    │    
  │    Dell U2414H                                                         │    
  │    1920x1080 @ 60Hz                                                    │    
  │                                                                        │    
  │    DP-1  INACTIVE                                                      │    
  │      Samsung C27F390                                                   │    
  │      1920x1080 @ 75Hz                                                  │    
  │                                                                        │    
  │                                                                        │    
  │  ⏎ Select monitor and return to dashboard  esc Return to main menu     │    
  │                                                                        │    
  │  💡 Selected monitor will be marked as CURRENT on the dashboard        │    
  │                                                                        │    
  │                                                                        │    
  ╰────────────────────────────────────────────────────────────────────────╯    
                                                                                
  ╭────────────────────────────────────────────────────────────────────────╮    
  │                                                                        │    
  │       ↑↓  navigate    ⏎  select    h  help    esc  back    q  quit     │    
  │                                                                        │    
  ╰────────────────────────────────────────────────────────────────────────╯    