# Visual Golden File
# Name: navigation_selected_2
# Dimensions: 120x40
# Hash: 6bafb854792ae21362b0568b0f34b004683c6890c34df768f264f585bc917e90

  ╭────────────────────────────────────────────────────────────────────────────────────────────────────────────────╮    
  │                                                                                                                │    
  │                                                Display Settings                                                │    
  │                                                                                                                │    
  ╰────────────────────────────────────────────────────────────────────────────────────────────────────────────────╯    
                                                                                                                        
  ╭────────────────────────────────────────────╮  ╭────────────────────────────────────────────────────────────────╮    
  │                                            │  │                                                                │    
  │                                            │  │                                                                │    
  │  Navigation                                │  │  Display Overview                                              │    
  │                                            │  │                                                                │    
  │    Dashboard                               │  │  ○ HDMI-A-1 👆 CURRENT                                         │    
  │                                            │  │    Dell U2414H                                                 │    
  │    Monitor Selection                       │  │    1920x1080 @ 60Hz                                            │    
  │                                            │  │    Scale: 1.0x                                                 │    
  │  ▶ Smart Scaling                           │  │    → Scaling changes will apply here                           │    
  │                                            │  │                                                                │    
  │    Manual Scaling                          │  │  ◦ DP-1                                                        │    
  │                                            │  │    Samsung C27F390                                             │    
  │    Settings                                │  │    1920x1080 @ 75Hz                                            │    
  │                                            │  │    Scale: 1.2x                                                 │    
  │    Help                                    │  │                                                                │    
  │                                            │  │                                                                │    
  │    Exit                                    │  │                                                                │    
  │                                            │  │                                                                │    
  │                                            │  │                                                                │    
  │                                            │  │                                                                │    
  │                                            │  │                                                                │    
  │                                            │  │                                                                │    
  │                                            │  │                                                                │    
  │                                            │  │                                                                │    
  │                                            │  │                                                                │    
  │                                            │  │                                                                │    
  │                                            │  │                                                                │    
  ╰────────────────────────────────────────────╯  ╰────────────────────────────────────────────────────────────────╯    
                                                                                                                        
  ╭────────────────────────────────────────────────────────────────────────────────────────────────────────────────╮    
  │                                                                                                                │    
  │                           ↑↓  navigate    ⏎  select    h  help    esc  back    q  quit                         │    
  │                                                                                                                │    
  ╰────────────────────────────────────────────────────────────────────────────────────────────────────────────────╯    