# Visual Golden File
# Name: scaling_values_max_values
# Dimensions: 120x40
# Hash: 160833373ef5d27d0659bbbbfaecea21773be11b857235da36510e25e4f4baf9

  ╭────────────────────────────────────────────────────────────────────────────────────────────────────────────────╮    
  │                                                                                                                │    
  │                                                Display Settings                                                │    
  │                                                                                                                │    
  ╰────────────────────────────────────────────────────────────────────────────────────────────────────────────────╯    
                                                                                                                        
  ╭────────────────────────────────────────────────────────────────────────────────────────────────────────────────╮    
  │                                                                                                                │    
  │                                                                                                                │    
  │  🔧 Manual Scaling Controls                                                                                    │    
  │                                                                                                                │    
  │  ╭──────────────────────────────────────────────────────────╮                                                  │    
  │  │                                                          │                                                  │    
  │  │  HDMI-A-1 Dell U2414H - 1920x1080@60Hz (Current: 1.00x)  │                                                  │    
  │  │                                                          │                                                  │    
  │  ╰──────────────────────────────────────────────────────────╯                                                  │    
  │                                                                                                                │    
  │  ⚙️ Scaling Controls                                                                                           │    
  │                                                                                                                │    
  │   1. Monitor Scale (Compositor-level)                                                                          │    
  │      Current: 4.000x (Valid: 1.0x, 1.25x, 1.33x, 1.5x, 1.67x, 1.75x, 2.0x, 2.25x, 2.5x, 3.0x)                  │    
  │      Scales everything immediately. Works with all apps.                                                       │    
  │                                                                                                                │    
  │  2. GTK Scale (Application-level)                                                                              │    
  │     Current: 3x (Range: 1x - 3x, Integer only)                                                                 │    
  │     Scales GTK apps (most Linux apps). Requires logout.                                                        │    
  │                                                                                                                │    
  │  3. Font DPI (Text rendering)                                                                                  │    
  │     Current: 300 (Range: 72 - 288, Step: 12)                                                                   │    
  │     Fine-grained text scaling. Works with most applications.                                                   │    
  │                                                                                                                │    
  │  📊 Preview Results                                                                                            │    
  │    Effective Resolution: 480x270                                                                               │    
  │    Screen Real Estate: 25%                                                                                     │    
  │    Font DPI Multiplier: 3.1x                                                                                   │    
  │                                                                                                                │    
  │  ↑↓ select control  ←→ adjust value  ⏎ apply all  esc back                                                     │    
  │                                                                                                                │    
  │                                                                                                                │    
  ╰────────────────────────────────────────────────────────────────────────────────────────────────────────────────╯    
                                                                                                                        
  ╭────────────────────────────────────────────────────────────────────────────────────────────────────────────────╮    
  │                                                                                                                │    
  │                           ↑↓  navigate    ⏎  select    h  help    esc  back    q  quit                         │    
  │                                                                                                                │    
  ╰────────────────────────────────────────────────────────────────────────────────────────────────────────────────╯    