# Visual Golden File
# Name: scaling_options_100x30
# Dimensions: 100x30
# Hash: d2031caa95296ab3863c01ecd585d78348ddf5ac73de03be9691364ce9335449

  ╭────────────────────────────────────────────────────────────────────────────────────────────╮    
  │                                                                                            │    
  │                                      Display Settings                                      │    
  │                                                                                            │    
  ╰────────────────────────────────────────────────────────────────────────────────────────────╯    
                                                                                                    
  ╭────────────────────────────────────────────────────────────────────────────────────────────╮    
  │                                                                                            │    
  │                                                                                            │    
  │  🧠 Smart Scaling Recommendations                                                          │    
  │                                                                                            │    
  │  ╭─────────────────────────────────────────╮                                               │    
  │  │                                         │                                               │    
  │  │  HDMI-A-1 Dell U2414H - 1920x1080@60Hz  │                                               │    
  │  │                                         │                                               │    
  │  ╰─────────────────────────────────────────╯                                               │    
  │                                                                                            │    
  │  🎯 Available Options                                                                      │    
  │                                                                                            │    
  │  ▶ 1x Native [RECOMMENDED]                                                                 │    
  │      Native resolution with standard scaling                                               │    
  │      Monitor: 1.0x • GTK: 1x • Font DPI: 96 • Result: 1920x1080                            │    
  │      💡                                                                                    │    
  │                                                                                            │    
  │    1.25x Enhanced                                                                          │    
  │      Slightly larger text for better readability                                           │    
  │      Monitor: 1.2x • GTK: 1x • Font DPI: 120 • Result: 1536x864                            │    
  │      💡                                                                                    │    
  │                                                                                            │    
  │    1.5x Large                                                                              │    
  │      Larger text for accessibility                                                         │    
  │      Monitor: 1.5x • GTK: 1x • Font DPI: 144 • Result: 1280x720                            │    
  │      💡                                                                                    │    
  │                                                                                            │    
  │                                                                                            │    
  │  📚 What Each Setting Does                                                                 │    
  │    Monitor Scale: Changes compositor-level scaling (immediate effect)                      │    
  │    GTK Scale: Scales GTK applications (requires logout/login)                              │    
  │    Font DPI: Fine-grained text scaling (affects most apps)                                 │    
  │                                                                                            │    
  │  ↑↓ select  ⏎ apply  m manual  esc back                                                    │    
  │                                                                                            │    
  │                                                                                            │    
  ╰────────────────────────────────────────────────────────────────────────────────────────────╯    
                                                                                                    
  ╭────────────────────────────────────────────────────────────────────────────────────────────╮    
  │                                                                                            │    
  │                 ↑↓  navigate    ⏎  select    h  help    esc  back    q  quit               │    
  │                                                                                            │    
  ╰────────────────────────────────────────────────────────────────────────────────────────────╯    