# Visual Golden File
# Name: settings_120x40
# Dimensions: 120x40
# Hash: dbe7c3b10e11d916df2f8d1967909116d1b9bdcd07d08e199b417a61e6701b7f

  ╭────────────────────────────────────────────────────────────────────────────────────────────────────────────────╮    
  │                                                                                                                │    
  │                                                Display Settings                                                │    
  │                                                                                                                │    
  ╰────────────────────────────────────────────────────────────────────────────────────────────────────────────────╯    
                                                                                                                        
  ╭────────────────────────────────────────────────────────────────────────────────────────────────────────────────╮    
  │                                                                                                                │    
  │                                                                                                                │    
  │  ⚙️ Application Settings                                                                                       │    
  │                                                                                                                │    
  │  📱 Application Info                                                                                           │    
  │                                                                                                                │    
  │    Version: 1.0.0                                                                                              │    
  │    Theme: Terminal Adaptive (Basic, Dark)                                                                      │    
  │    Mode: Live                                                                                                  │    
  │                                                                                                                │    
  │  🔍 Detection Methods                                                                                          │    
  │                                                                                                                │    
  │    Hyprctl: ✗ Not found                                                                                        │    
  │    wlr-randr: ✗ Not found                                                                                      │    
  │                                                                                                                │    
  │  ⚙️ Configuration                                                                                              │    
  │                                                                                                                │    
  │    Target: Hyprland + Wayland                                                                                  │    
  │    Fallbacks: wlr-randr                                                                                        │    
  │    Font Scaling: GTK, Alacritty, Neovim                                                                        │    
  │                                                                                                                │    
  │  💡 Press Esc to return to the main menu                                                                       │    
  │                                                                                                                │    
  │                                                                                                                │    
  │                                                                                                                │    
  │                                                                                                                │    
  │                                                                                                                │    
  ╰────────────────────────────────────────────────────────────────────────────────────────────────────────────────╯    
                                                                                                                        
  ╭────────────────────────────────────────────────────────────────────────────────────────────────────────────────╮    
  │                                                                                                                │    
  │                           ↑↓  navigate    ⏎  select    h  help    esc  back    q  quit                         │    
  │                                                                                                                │    
  ╰────────────────────────────────────────────────────────────────────────────────────────────────────────────────╯    