# Visual Golden File
# Name: settings_100x30
# Dimensions: 100x30
# Hash: 463bf73a41c8cea35aae3a85aad9ba5d06cbabc3676ad1c42a43acfd368658df

  ╭────────────────────────────────────────────────────────────────────────────────────────────╮    
  │                                                                                            │    
  │                                      Display Settings                                      │    
  │                                                                                            │    
  ╰────────────────────────────────────────────────────────────────────────────────────────────╯    
                                                                                                    
  ╭────────────────────────────────────────────────────────────────────────────────────────────╮    
  │                                                                                            │    
  │                                                                                            │    
  │  ⚙️ Application Settings                                                                   │    
  │                                                                                            │    
  │  📱 Application Info                                                                       │    
  │                                                                                            │    
  │    Version: 1.0.0                                                                          │    
  │    Theme: Terminal Adaptive (Basic, Dark)                                                  │    
  │    Mode: Live                                                                              │    
  │                                                                                            │    
  │  🔍 Detection Methods                                                                      │    
  │                                                                                            │    
  │    Hyprctl: ✗ Not found                                                                    │    
  │    wlr-randr: ✗ Not found                                                                  │    
  │                                                                                            │    
  │  ⚙️ Configuration                                                                          │    
  │                                                                                            │    
  │    Target: Hyprland + Wayland                                                              │    
  │    Fallbacks: wlr-randr                                                                    │    
  │    Font Scaling: GTK, Alacritty, Neovim                                                    │    
  │                                                                                            │    
  │  💡 Press Esc to return to the main menu                                                   │    
  │                                                                                            │    
  │                                                                                            │    
  ╰────────────────────────────────────────────────────────────────────────────────────────────╯    
                                                                                                    
  ╭────────────────────────────────────────────────────────────────────────────────────────────╮    
  │                                                                                            │    
  │                 ↑↓  navigate    ⏎  select    h  help    esc  back    q  quit               │    
  │                                                                                            │    
  ╰────────────────────────────────────────────────────────────────────────────────────────────╯    