# Visual Golden File
# Name: single_monitor
# Dimensions: 120x40
# Hash: 755dfaa9b6cb51db8884f621ccff87d859d772ab6c5f5c6ebe80fb62353a093e

  ╭────────────────────────────────────────────────────────────────────────────────────────────────────────────────╮    
  │                                                                                                                │    
  │                                                Display Settings                                                │    
  │                                                                                                                │    
  ╰────────────────────────────────────────────────────────────────────────────────────────────────────────────────╯    
                                                                                                                        
  ╭────────────────────────────────────────────╮  ╭────────────────────────────────────────────────────────────────╮    
  │                                            │  │                                                                │    
  │                                            │  │                                                                │    
  │  Navigation                                │  │  Display Overview                                              │    
  │                                            │  │                                                                │    
  │  ▶ Dashboard                               │  │  ○ HDMI-1 👆 CURRENT                                           │    
  │                                            │  │    Samsung U2414H                                              │    
  │    Monitor Selection                       │  │    1920x1080 @ 60Hz                                            │    
  │                                            │  │    Scale: 1.0x                                                 │    
  │    Smart Scaling                           │  │    → Scaling changes will apply here                           │    
  │                                            │  │                                                                │    
  │    Manual Scaling                          │  │                                                                │    
  │                                            │  │                                                                │    
  │    Settings                                │  │                                                                │    
  │                                            │  │                                                                │    
  │    Help                                    │  │                                                                │    
  │                                            │  │                                                                │    
  │    Exit                                    │  │                                                                │    
  │                                            │  │                                                                │    
  │                                            │  │                                                                │    
  │                                            │  │                                                                │    
  │                                            │  │                                                                │    
  │                                            │  │                                                                │    
  │                                            │  │                                                                │    
  │                                            │  │                                                                │    
  │                                            │  │                                                                │    
  │                                            │  │                                                                │    
  │                                            │  │                                                                │    
  ╰────────────────────────────────────────────╯  ╰────────────────────────────────────────────────────────────────╯    
                                                                                                                        
  ╭────────────────────────────────────────────────────────────────────────────────────────────────────────────────╮    
  │                                                                                                                │    
  │                           ↑↓  navigate    ⏎  select    h  help    esc  back    q  quit                         │    
  │                                                                                                                │    
  ╰────────────────────────────────────────────────────────────────────────────────────────────────────────────────╯    