# Visual Golden File
# Name: theme_xterm_256color
# Dimensions: 120x40
# Hash: fab5922ea08977d91b6c6c490ce0b224608f51c61b7039b5b02514688c57f917

  ╭────────────────────────────────────────────────────────────────────────────────────────────────────────────────╮    
  │                                                                                                                │    
  │                                                Display Settings                                                │    
  │                                                                                                                │    
  ╰────────────────────────────────────────────────────────────────────────────────────────────────────────────────╯    
                                                                                                                        
  ╭────────────────────────────────────────────╮  ╭────────────────────────────────────────────────────────────────╮    
  │                                            │  │                                                                │    
  │                                            │  │                                                                │    
  │  Navigation                                │  │  Display Overview                                              │    
  │                                            │  │                                                                │    
  │  ▶ Dashboard                               │  │  ○ HDMI-A-1 👆 CURRENT                                         │    
  │                                            │  │    Dell U2414H                                                 │    
  │    Monitor Selection                       │  │    1920x1080 @ 60Hz                                            │    
  │                                            │  │    Scale: 1.0x                                                 │    
  │    Smart Scaling                           │  │    → Scaling changes will apply here                           │    
  │                                            │  │                                                                │    
  │    Manual Scaling                          │  │  ◦ DP-1                                                        │    
  │                                            │  │    Samsung C27F390                                             │    
  │    Settings                                │  │    1920x1080 @ 75Hz                                            │    
  │                                            │  │    Scale: 1.2x                                                 │    
  │    Help                                    │  │                                                                │    
  │                                            │  │                                                                │    
  │    Exit                                    │  │                                                                │    
  │                                            │  │                                                                │    
  │                                            │  │                                                                │    
  │                                            │  │                                                                │    
  │                                            │  │                                                                │    
  │                                            │  │                                                                │    
  │                                            │  │                                                                │    
  │                                            │  │                                                                │    
  │                                            │  │                                                                │    
  │                                            │  │                                                                │    
  │                                            │  │                                                                │    
  ╰────────────────────────────────────────────╯  ╰────────────────────────────────────────────────────────────────╯    
                                                                                                                        
  ╭────────────────────────────────────────────────────────────────────────────────────────────────────────────────╮    
  │                                                                                                                │    
  │                           ↑↓  navigate    ⏎  select    h  help    esc  back    q  quit                         │    
  │                                                                                                                │    
  ╰────────────────────────────────────────────────────────────────────────────────────────────────────────────────╯    